06:53:52 **** Incremental Build of configuration Debug for project exercise11 ****
make -j8 all 
arm-none-eabi-gcc "../Core/Src/main.c" -mcpu=cortex-m4 -std=gnu11 -g3 -DUSE_HAL_DRIVER -DSTM32F411xE -DDEBUG -c -I../Middlewares/Third_Party/FreeRTOS/Source/include -I../Middlewares/Third_Party/FreeRTOS/Source/portable/GCC/ARM_CM4F -I../Drivers/CMSIS/Include -I../Drivers/STM32F4xx_HAL_Driver/Inc -I../Core/Inc -I../Drivers/CMSIS/Device/ST/STM32F4xx/Include -I../Middlewares/Third_Party/FreeRTOS/Source/CMSIS_RTOS -I../Drivers/STM32F4xx_HAL_Driver/Inc/Legacy -O0 -ffunction-sections -fdata-sections -Wall -fstack-usage -MMD -MP -MF"Core/Src/main.d" -MT"Core/Src/main.o" --specs=nano.specs -mfpu=fpv4-sp-d16 -mfloat-abi=hard -mthumb -o "Core/Src/main.o"
arm-none-eabi-g++ -o "exercise11.elf" @"objects.list"   -mcpu=cortex-m4 -T"E:\RTOS\week6\exercise11\STM32F411VETX_FLASH.ld" --specs=nosys.specs -Wl,-Map="exercise11.map" -Wl,--gc-sections -static --specs=nano.specs -mfpu=fpv4-sp-d16 -mfloat-abi=hard -mthumb -Wl,--start-group -lc -lm -lstdc++ -lsupc++ -Wl,--end-group
Finished building target: exercise11.elf
 
arm-none-eabi-objdump -h -S  exercise11.elf  > "exercise11.list"
arm-none-eabi-size   exercise11.elf 
   text	   data	    bss	    dec	    hex	filename
  18872	     24	  17944	  36840	   8fe8	exercise11.elf
Finished building: default.size.stdout
 
Finished building: exercise11.list
 

06:53:56 Build Finished. 0 errors, 0 warnings. (took 4s.450ms)

