05:19:24 **** Incremental Build of configuration Debug for project ext_exercise24 ****
make -j8 all 
arm-none-eabi-gcc "../Core/Src/main.c" -mcpu=cortex-m4 -std=gnu11 -g3 -DUSE_HAL_DRIVER -DSTM32F411xE -DDEBUG -c -I../Middlewares/Third_Party/FreeRTOS/Source/include -I../Middlewares/Third_Party/FreeRTOS/Source/portable/GCC/ARM_CM4F -I../Drivers/CMSIS/Include -I../Drivers/STM32F4xx_HAL_Driver/Inc -I../Core/Inc -I../Drivers/CMSIS/Device/ST/STM32F4xx/Include -I../Middlewares/Third_Party/FreeRTOS/Source/CMSIS_RTOS -I../Drivers/STM32F4xx_HAL_Driver/Inc/Legacy -O0 -ffunction-sections -fdata-sections -Wall -fstack-usage -MMD -MP -MF"Core/Src/main.d" -MT"Core/Src/main.o" --specs=nano.specs -mfpu=fpv4-sp-d16 -mfloat-abi=hard -mthumb -o "Core/Src/main.o"
arm-none-eabi-g++ -o "ext_exercise24.elf" @"objects.list"   -mcpu=cortex-m4 -T"F:\RTOS\week13\ext_exercise24\STM32F411VETX_FLASH.ld" --specs=nosys.specs -Wl,-Map="ext_exercise24.map" -Wl,--gc-sections -static --specs=nano.specs -mfpu=fpv4-sp-d16 -mfloat-abi=hard -mthumb -Wl,--start-group -lc -lm -lstdc++ -lsupc++ -Wl,--end-group
Finished building target: ext_exercise24.elf
 
arm-none-eabi-objdump -h -S  ext_exercise24.elf  > "ext_exercise24.list"
arm-none-eabi-size   ext_exercise24.elf 
   text	   data	    bss	    dec	    hex	filename
  18708	     24	  17968	  36700	   8f5c	ext_exercise24.elf
Finished building: default.size.stdout
 
Finished building: ext_exercise24.list
 
05:19:28 **** Incremental Build of configuration Debug for project ext_exercise24 ****
make -j8 all 
arm-none-eabi-size   ext_exercise24.elf 
   text	   data	    bss	    dec	    hex	filename
  18708	     24	  17968	  36700	   8f5c	ext_exercise24.elf
Finished building: default.size.stdout
 
05:19:39 **** Incremental Build of configuration Debug for project ext_exercise24 ****
make -j8 all 
arm-none-eabi-size   ext_exercise24.elf 
   text	   data	    bss	    dec	    hex	filename
  18708	     24	  17968	  36700	   8f5c	ext_exercise24.elf
Finished building: default.size.stdout
 
04:24:13 **** Incremental Build of configuration Debug for project ext_exercise24 ****
make -j8 all 
arm-none-eabi-gcc "../Middlewares/Third_Party/FreeRTOS/Source/portable/MemMang/heap_4.c" -mcpu=cortex-m4 -std=gnu11 -g3 -DUSE_HAL_DRIVER -DSTM32F411xE -DDEBUG -c -I../Middlewares/Third_Party/FreeRTOS/Source/include -I../Middlewares/Third_Party/FreeRTOS/Source/portable/GCC/ARM_CM4F -I../Drivers/CMSIS/Include -I../Drivers/STM32F4xx_HAL_Driver/Inc -I../Core/Inc -I../Drivers/CMSIS/Device/ST/STM32F4xx/Include -I../Middlewares/Third_Party/FreeRTOS/Source/CMSIS_RTOS -I../Drivers/STM32F4xx_HAL_Driver/Inc/Legacy -O0 -ffunction-sections -fdata-sections -Wall -fstack-usage -MMD -MP -MF"Middlewares/Third_Party/FreeRTOS/Source/portable/MemMang/heap_4.d" -MT"Middlewares/Third_Party/FreeRTOS/Source/portable/MemMang/heap_4.o" --specs=nano.specs -mfpu=fpv4-sp-d16 -mfloat-abi=hard -mthumb -o "Middlewares/Third_Party/FreeRTOS/Source/portable/MemMang/heap_4.o"
arm-none-eabi-gcc "../Middlewares/Third_Party/FreeRTOS/Source/portable/GCC/ARM_CM4F/port.c" -mcpu=cortex-m4 -std=gnu11 -g3 -DUSE_HAL_DRIVER -DSTM32F411xE -DDEBUG -c -I../Middlewares/Third_Party/FreeRTOS/Source/include -I../Middlewares/Third_Party/FreeRTOS/Source/portable/GCC/ARM_CM4F -I../Drivers/CMSIS/Include -I../Drivers/STM32F4xx_HAL_Driver/Inc -I../Core/Inc -I../Drivers/CMSIS/Device/ST/STM32F4xx/Include -I../Middlewares/Third_Party/FreeRTOS/Source/CMSIS_RTOS -I../Drivers/STM32F4xx_HAL_Driver/Inc/Legacy -O0 -ffunction-sections -fdata-sections -Wall -fstack-usage -MMD -MP -MF"Middlewares/Third_Party/FreeRTOS/Source/portable/GCC/ARM_CM4F/port.d" -MT"Middlewares/Third_Party/FreeRTOS/Source/portable/GCC/ARM_CM4F/port.o" --specs=nano.specs -mfpu=fpv4-sp-d16 -mfloat-abi=hard -mthumb -o "Middlewares/Third_Party/FreeRTOS/Source/portable/GCC/ARM_CM4F/port.o"
arm-none-eabi-gcc "../Middlewares/Third_Party/FreeRTOS/Source/CMSIS_RTOS/cmsis_os.c" -mcpu=cortex-m4 -std=gnu11 -g3 -DUSE_HAL_DRIVER -DSTM32F411xE -DDEBUG -c -I../Middlewares/Third_Party/FreeRTOS/Source/include -I../Middlewares/Third_Party/FreeRTOS/Source/portable/GCC/ARM_CM4F -I../Drivers/CMSIS/Include -I../Drivers/STM32F4xx_HAL_Driver/Inc -I../Core/Inc -I../Drivers/CMSIS/Device/ST/STM32F4xx/Include -I../Middlewares/Third_Party/FreeRTOS/Source/CMSIS_RTOS -I../Drivers/STM32F4xx_HAL_Driver/Inc/Legacy -O0 -ffunction-sections -fdata-sections -Wall -fstack-usage -MMD -MP -MF"Middlewares/Third_Party/FreeRTOS/Source/CMSIS_RTOS/cmsis_os.d" -MT"Middlewares/Third_Party/FreeRTOS/Source/CMSIS_RTOS/cmsis_os.o" --specs=nano.specs -mfpu=fpv4-sp-d16 -mfloat-abi=hard -mthumb -o "Middlewares/Third_Party/FreeRTOS/Source/CMSIS_RTOS/cmsis_os.o"
arm-none-eabi-gcc "../Middlewares/Third_Party/FreeRTOS/Source/croutine.c" -mcpu=cortex-m4 -std=gnu11 -g3 -DUSE_HAL_DRIVER -DSTM32F411xE -DDEBUG -c -I../Middlewares/Third_Party/FreeRTOS/Source/include -I../Middlewares/Third_Party/FreeRTOS/Source/portable/GCC/ARM_CM4F -I../Drivers/CMSIS/Include -I../Drivers/STM32F4xx_HAL_Driver/Inc -I../Core/Inc -I../Drivers/CMSIS/Device/ST/STM32F4xx/Include -I../Middlewares/Third_Party/FreeRTOS/Source/CMSIS_RTOS -I../Drivers/STM32F4xx_HAL_Driver/Inc/Legacy -O0 -ffunction-sections -fdata-sections -Wall -fstack-usage -MMD -MP -MF"Middlewares/Third_Party/FreeRTOS/Source/croutine.d" -MT"Middlewares/Third_Party/FreeRTOS/Source/croutine.o" --specs=nano.specs -mfpu=fpv4-sp-d16 -mfloat-abi=hard -mthumb -o "Middlewares/Third_Party/FreeRTOS/Source/croutine.o"
arm-none-eabi-gcc "../Middlewares/Third_Party/FreeRTOS/Source/event_groups.c" -mcpu=cortex-m4 -std=gnu11 -g3 -DUSE_HAL_DRIVER -DSTM32F411xE -DDEBUG -c -I../Middlewares/Third_Party/FreeRTOS/Source/include -I../Middlewares/Third_Party/FreeRTOS/Source/portable/GCC/ARM_CM4F -I../Drivers/CMSIS/Include -I../Drivers/STM32F4xx_HAL_Driver/Inc -I../Core/Inc -I../Drivers/CMSIS/Device/ST/STM32F4xx/Include -I../Middlewares/Third_Party/FreeRTOS/Source/CMSIS_RTOS -I../Drivers/STM32F4xx_HAL_Driver/Inc/Legacy -O0 -ffunction-sections -fdata-sections -Wall -fstack-usage -MMD -MP -MF"Middlewares/Third_Party/FreeRTOS/Source/event_groups.d" -MT"Middlewares/Third_Party/FreeRTOS/Source/event_groups.o" --specs=nano.specs -mfpu=fpv4-sp-d16 -mfloat-abi=hard -mthumb -o "Middlewares/Third_Party/FreeRTOS/Source/event_groups.o"
arm-none-eabi-gcc "../Middlewares/Third_Party/FreeRTOS/Source/list.c" -mcpu=cortex-m4 -std=gnu11 -g3 -DUSE_HAL_DRIVER -DSTM32F411xE -DDEBUG -c -I../Middlewares/Third_Party/FreeRTOS/Source/include -I../Middlewares/Third_Party/FreeRTOS/Source/portable/GCC/ARM_CM4F -I../Drivers/CMSIS/Include -I../Drivers/STM32F4xx_HAL_Driver/Inc -I../Core/Inc -I../Drivers/CMSIS/Device/ST/STM32F4xx/Include -I../Middlewares/Third_Party/FreeRTOS/Source/CMSIS_RTOS -I../Drivers/STM32F4xx_HAL_Driver/Inc/Legacy -O0 -ffunction-sections -fdata-sections -Wall -fstack-usage -MMD -MP -MF"Middlewares/Third_Party/FreeRTOS/Source/list.d" -MT"Middlewares/Third_Party/FreeRTOS/Source/list.o" --specs=nano.specs -mfpu=fpv4-sp-d16 -mfloat-abi=hard -mthumb -o "Middlewares/Third_Party/FreeRTOS/Source/list.o"
arm-none-eabi-gcc "../Middlewares/Third_Party/FreeRTOS/Source/queue.c" -mcpu=cortex-m4 -std=gnu11 -g3 -DUSE_HAL_DRIVER -DSTM32F411xE -DDEBUG -c -I../Middlewares/Third_Party/FreeRTOS/Source/include -I../Middlewares/Third_Party/FreeRTOS/Source/portable/GCC/ARM_CM4F -I../Drivers/CMSIS/Include -I../Drivers/STM32F4xx_HAL_Driver/Inc -I../Core/Inc -I../Drivers/CMSIS/Device/ST/STM32F4xx/Include -I../Middlewares/Third_Party/FreeRTOS/Source/CMSIS_RTOS -I../Drivers/STM32F4xx_HAL_Driver/Inc/Legacy -O0 -ffunction-sections -fdata-sections -Wall -fstack-usage -MMD -MP -MF"Middlewares/Third_Party/FreeRTOS/Source/queue.d" -MT"Middlewares/Third_Party/FreeRTOS/Source/queue.o" --specs=nano.specs -mfpu=fpv4-sp-d16 -mfloat-abi=hard -mthumb -o "Middlewares/Third_Party/FreeRTOS/Source/queue.o"
arm-none-eabi-gcc "../Middlewares/Third_Party/FreeRTOS/Source/stream_buffer.c" -mcpu=cortex-m4 -std=gnu11 -g3 -DUSE_HAL_DRIVER -DSTM32F411xE -DDEBUG -c -I../Middlewares/Third_Party/FreeRTOS/Source/include -I../Middlewares/Third_Party/FreeRTOS/Source/portable/GCC/ARM_CM4F -I../Drivers/CMSIS/Include -I../Drivers/STM32F4xx_HAL_Driver/Inc -I../Core/Inc -I../Drivers/CMSIS/Device/ST/STM32F4xx/Include -I../Middlewares/Third_Party/FreeRTOS/Source/CMSIS_RTOS -I../Drivers/STM32F4xx_HAL_Driver/Inc/Legacy -O0 -ffunction-sections -fdata-sections -Wall -fstack-usage -MMD -MP -MF"Middlewares/Third_Party/FreeRTOS/Source/stream_buffer.d" -MT"Middlewares/Third_Party/FreeRTOS/Source/stream_buffer.o" --specs=nano.specs -mfpu=fpv4-sp-d16 -mfloat-abi=hard -mthumb -o "Middlewares/Third_Party/FreeRTOS/Source/stream_buffer.o"
arm-none-eabi-gcc "../Middlewares/Third_Party/FreeRTOS/Source/tasks.c" -mcpu=cortex-m4 -std=gnu11 -g3 -DUSE_HAL_DRIVER -DSTM32F411xE -DDEBUG -c -I../Middlewares/Third_Party/FreeRTOS/Source/include -I../Middlewares/Third_Party/FreeRTOS/Source/portable/GCC/ARM_CM4F -I../Drivers/CMSIS/Include -I../Drivers/STM32F4xx_HAL_Driver/Inc -I../Core/Inc -I../Drivers/CMSIS/Device/ST/STM32F4xx/Include -I../Middlewares/Third_Party/FreeRTOS/Source/CMSIS_RTOS -I../Drivers/STM32F4xx_HAL_Driver/Inc/Legacy -O0 -ffunction-sections -fdata-sections -Wall -fstack-usage -MMD -MP -MF"Middlewares/Third_Party/FreeRTOS/Source/tasks.d" -MT"Middlewares/Third_Party/FreeRTOS/Source/tasks.o" --specs=nano.specs -mfpu=fpv4-sp-d16 -mfloat-abi=hard -mthumb -o "Middlewares/Third_Party/FreeRTOS/Source/tasks.o"
arm-none-eabi-gcc "../Middlewares/Third_Party/FreeRTOS/Source/timers.c" -mcpu=cortex-m4 -std=gnu11 -g3 -DUSE_HAL_DRIVER -DSTM32F411xE -DDEBUG -c -I../Middlewares/Third_Party/FreeRTOS/Source/include -I../Middlewares/Third_Party/FreeRTOS/Source/portable/GCC/ARM_CM4F -I../Drivers/CMSIS/Include -I../Drivers/STM32F4xx_HAL_Driver/Inc -I../Core/Inc -I../Drivers/CMSIS/Device/ST/STM32F4xx/Include -I../Middlewares/Third_Party/FreeRTOS/Source/CMSIS_RTOS -I../Drivers/STM32F4xx_HAL_Driver/Inc/Legacy -O0 -ffunction-sections -fdata-sections -Wall -fstack-usage -MMD -MP -MF"Middlewares/Third_Party/FreeRTOS/Source/timers.d" -MT"Middlewares/Third_Party/FreeRTOS/Source/timers.o" --specs=nano.specs -mfpu=fpv4-sp-d16 -mfloat-abi=hard -mthumb -o "Middlewares/Third_Party/FreeRTOS/Source/timers.o"
arm-none-eabi-gcc "../Core/Src/freertos.c" -mcpu=cortex-m4 -std=gnu11 -g3 -DUSE_HAL_DRIVER -DSTM32F411xE -DDEBUG -c -I../Middlewares/Third_Party/FreeRTOS/Source/include -I../Middlewares/Third_Party/FreeRTOS/Source/portable/GCC/ARM_CM4F -I../Drivers/CMSIS/Include -I../Drivers/STM32F4xx_HAL_Driver/Inc -I../Core/Inc -I../Drivers/CMSIS/Device/ST/STM32F4xx/Include -I../Middlewares/Third_Party/FreeRTOS/Source/CMSIS_RTOS -I../Drivers/STM32F4xx_HAL_Driver/Inc/Legacy -O0 -ffunction-sections -fdata-sections -Wall -fstack-usage -MMD -MP -MF"Core/Src/freertos.d" -MT"Core/Src/freertos.o" --specs=nano.specs -mfpu=fpv4-sp-d16 -mfloat-abi=hard -mthumb -o "Core/Src/freertos.o"
arm-none-eabi-gcc "../Core/Src/main.c" -mcpu=cortex-m4 -std=gnu11 -g3 -DUSE_HAL_DRIVER -DSTM32F411xE -DDEBUG -c -I../Middlewares/Third_Party/FreeRTOS/Source/include -I../Middlewares/Third_Party/FreeRTOS/Source/portable/GCC/ARM_CM4F -I../Drivers/CMSIS/Include -I../Drivers/STM32F4xx_HAL_Driver/Inc -I../Core/Inc -I../Drivers/CMSIS/Device/ST/STM32F4xx/Include -I../Middlewares/Third_Party/FreeRTOS/Source/CMSIS_RTOS -I../Drivers/STM32F4xx_HAL_Driver/Inc/Legacy -O0 -ffunction-sections -fdata-sections -Wall -fstack-usage -MMD -MP -MF"Core/Src/main.d" -MT"Core/Src/main.o" --specs=nano.specs -mfpu=fpv4-sp-d16 -mfloat-abi=hard -mthumb -o "Core/Src/main.o"
arm-none-eabi-gcc "../Core/Src/stm32f4xx_it.c" -mcpu=cortex-m4 -std=gnu11 -g3 -DUSE_HAL_DRIVER -DSTM32F411xE -DDEBUG -c -I../Middlewares/Third_Party/FreeRTOS/Source/include -I../Middlewares/Third_Party/FreeRTOS/Source/portable/GCC/ARM_CM4F -I../Drivers/CMSIS/Include -I../Drivers/STM32F4xx_HAL_Driver/Inc -I../Core/Inc -I../Drivers/CMSIS/Device/ST/STM32F4xx/Include -I../Middlewares/Third_Party/FreeRTOS/Source/CMSIS_RTOS -I../Drivers/STM32F4xx_HAL_Driver/Inc/Legacy -O0 -ffunction-sections -fdata-sections -Wall -fstack-usage -MMD -MP -MF"Core/Src/stm32f4xx_it.d" -MT"Core/Src/stm32f4xx_it.o" --specs=nano.specs -mfpu=fpv4-sp-d16 -mfloat-abi=hard -mthumb -o "Core/Src/stm32f4xx_it.o"
../Core/Src/main.c: In function 'vApplicationStackOverflowHook':
../Core/Src/main.c:359:5: warning: suggest parentheses around assignment used as truth value [-Wparentheses]
  if(xTask = GreenLEDHandle){
     ^~~~~
../Core/Src/main.c:361:23: error: 'GPIO' undeclared (first use in this function); did you mean 'GPIOD'?
    HAL_GPIO_TogglePin(GPIO, GREEN);
                       ^~~~
                       GPIOD
../Core/Src/main.c:361:23: note: each undeclared identifier is reported only once for each function it appears in
../Core/Src/main.c:365:10: warning: suggest parentheses around assignment used as truth value [-Wparentheses]
  else if(xTask = RedLEDHandle){
          ^~~~~
../Core/Src/main.c:371:10: warning: suggest parentheses around assignment used as truth value [-Wparentheses]
  else if(xTask = BlueLEDHandle){
          ^~~~~
make: *** [Core/Src/subdir.mk:41: Core/Src/main.o] Error 1
make: *** Waiting for unfinished jobs....
"make -j8 all" terminated with exit code 2. Build might be incomplete.
04:25:34 **** Incremental Build of configuration Debug for project ext_exercise24 ****
make -j8 all 
arm-none-eabi-gcc "../Core/Src/main.c" -mcpu=cortex-m4 -std=gnu11 -g3 -DUSE_HAL_DRIVER -DSTM32F411xE -DDEBUG -c -I../Middlewares/Third_Party/FreeRTOS/Source/include -I../Middlewares/Third_Party/FreeRTOS/Source/portable/GCC/ARM_CM4F -I../Drivers/CMSIS/Include -I../Drivers/STM32F4xx_HAL_Driver/Inc -I../Core/Inc -I../Drivers/CMSIS/Device/ST/STM32F4xx/Include -I../Middlewares/Third_Party/FreeRTOS/Source/CMSIS_RTOS -I../Drivers/STM32F4xx_HAL_Driver/Inc/Legacy -O0 -ffunction-sections -fdata-sections -Wall -fstack-usage -MMD -MP -MF"Core/Src/main.d" -MT"Core/Src/main.o" --specs=nano.specs -mfpu=fpv4-sp-d16 -mfloat-abi=hard -mthumb -o "Core/Src/main.o"
../Core/Src/main.c: In function 'vApplicationStackOverflowHook':
../Core/Src/main.c:359:5: warning: suggest parentheses around assignment used as truth value [-Wparentheses]
  if(xTask = GreenLEDHandle){
     ^~~~~
../Core/Src/main.c:365:10: warning: suggest parentheses around assignment used as truth value [-Wparentheses]
  else if(xTask = RedLEDHandle){
          ^~~~~
../Core/Src/main.c:371:10: warning: suggest parentheses around assignment used as truth value [-Wparentheses]
  else if(xTask = BlueLEDHandle){
          ^~~~~
arm-none-eabi-g++ -o "ext_exercise24.elf" @"objects.list"   -mcpu=cortex-m4 -T"F:\RTOS\week13\ext_exercise24\STM32F411VETX_FLASH.ld" --specs=nosys.specs -Wl,-Map="ext_exercise24.map" -Wl,--gc-sections -static --specs=nano.specs -mfpu=fpv4-sp-d16 -mfloat-abi=hard -mthumb -Wl,--start-group -lc -lm -lstdc++ -lsupc++ -Wl,--end-group
Finished building target: ext_exercise24.elf
 
arm-none-eabi-objdump -h -S  ext_exercise24.elf  > "ext_exercise24.list"
arm-none-eabi-size   ext_exercise24.elf 
   text	   data	    bss	    dec	    hex	filename
  18852	     24	  17968	  36844	   8fec	ext_exercise24.elf
Finished building: default.size.stdout
 
Finished building: ext_exercise24.list
 
04:26:02 **** Incremental Build of configuration Debug for project ext_exercise24 ****
make -j8 all 
arm-none-eabi-gcc "../Core/Src/main.c" -mcpu=cortex-m4 -std=gnu11 -g3 -DUSE_HAL_DRIVER -DSTM32F411xE -DDEBUG -c -I../Middlewares/Third_Party/FreeRTOS/Source/include -I../Middlewares/Third_Party/FreeRTOS/Source/portable/GCC/ARM_CM4F -I../Drivers/CMSIS/Include -I../Drivers/STM32F4xx_HAL_Driver/Inc -I../Core/Inc -I../Drivers/CMSIS/Device/ST/STM32F4xx/Include -I../Middlewares/Third_Party/FreeRTOS/Source/CMSIS_RTOS -I../Drivers/STM32F4xx_HAL_Driver/Inc/Legacy -O0 -ffunction-sections -fdata-sections -Wall -fstack-usage -MMD -MP -MF"Core/Src/main.d" -MT"Core/Src/main.o" --specs=nano.specs -mfpu=fpv4-sp-d16 -mfloat-abi=hard -mthumb -o "Core/Src/main.o"
arm-none-eabi-g++ -o "ext_exercise24.elf" @"objects.list"   -mcpu=cortex-m4 -T"F:\RTOS\week13\ext_exercise24\STM32F411VETX_FLASH.ld" --specs=nosys.specs -Wl,-Map="ext_exercise24.map" -Wl,--gc-sections -static --specs=nano.specs -mfpu=fpv4-sp-d16 -mfloat-abi=hard -mthumb -Wl,--start-group -lc -lm -lstdc++ -lsupc++ -Wl,--end-group
Finished building target: ext_exercise24.elf
 
arm-none-eabi-objdump -h -S  ext_exercise24.elf  > "ext_exercise24.list"
arm-none-eabi-size   ext_exercise24.elf 
   text	   data	    bss	    dec	    hex	filename
  18852	     24	  17968	  36844	   8fec	ext_exercise24.elf
Finished building: default.size.stdout
 
Finished building: ext_exercise24.list
 
04:26:12 **** Incremental Build of configuration Debug for project ext_exercise24 ****
make -j8 all 
arm-none-eabi-size   ext_exercise24.elf 
   text	   data	    bss	    dec	    hex	filename
  18852	     24	  17968	  36844	   8fec	ext_exercise24.elf
Finished building: default.size.stdout
 
04:28:06 **** Incremental Build of configuration Debug for project ext_exercise24 ****
make -j8 all 
arm-none-eabi-gcc "../Core/Src/main.c" -mcpu=cortex-m4 -std=gnu11 -g3 -DUSE_HAL_DRIVER -DSTM32F411xE -DDEBUG -c -I../Middlewares/Third_Party/FreeRTOS/Source/include -I../Middlewares/Third_Party/FreeRTOS/Source/portable/GCC/ARM_CM4F -I../Drivers/CMSIS/Include -I../Drivers/STM32F4xx_HAL_Driver/Inc -I../Core/Inc -I../Drivers/CMSIS/Device/ST/STM32F4xx/Include -I../Middlewares/Third_Party/FreeRTOS/Source/CMSIS_RTOS -I../Drivers/STM32F4xx_HAL_Driver/Inc/Legacy -O0 -ffunction-sections -fdata-sections -Wall -fstack-usage -MMD -MP -MF"Core/Src/main.d" -MT"Core/Src/main.o" --specs=nano.specs -mfpu=fpv4-sp-d16 -mfloat-abi=hard -mthumb -o "Core/Src/main.o"
arm-none-eabi-g++ -o "ext_exercise24.elf" @"objects.list"   -mcpu=cortex-m4 -T"F:\RTOS\week13\ext_exercise24\STM32F411VETX_FLASH.ld" --specs=nosys.specs -Wl,-Map="ext_exercise24.map" -Wl,--gc-sections -static --specs=nano.specs -mfpu=fpv4-sp-d16 -mfloat-abi=hard -mthumb -Wl,--start-group -lc -lm -lstdc++ -lsupc++ -Wl,--end-group
Finished building target: ext_exercise24.elf
 
arm-none-eabi-objdump -h -S  ext_exercise24.elf  > "ext_exercise24.list"
arm-none-eabi-size   ext_exercise24.elf 
   text	   data	    bss	    dec	    hex	filename
  18852	     24	  17968	  36844	   8fec	ext_exercise24.elf
Finished building: default.size.stdout
 
Finished building: ext_exercise24.list
 
04:30:23 **** Incremental Build of configuration Debug for project ext_exercise24 ****
make -j8 all 
arm-none-eabi-gcc "../Core/Src/main.c" -mcpu=cortex-m4 -std=gnu11 -g3 -DUSE_HAL_DRIVER -DSTM32F411xE -DDEBUG -c -I../Middlewares/Third_Party/FreeRTOS/Source/include -I../Middlewares/Third_Party/FreeRTOS/Source/portable/GCC/ARM_CM4F -I../Drivers/CMSIS/Include -I../Drivers/STM32F4xx_HAL_Driver/Inc -I../Core/Inc -I../Drivers/CMSIS/Device/ST/STM32F4xx/Include -I../Middlewares/Third_Party/FreeRTOS/Source/CMSIS_RTOS -I../Drivers/STM32F4xx_HAL_Driver/Inc/Legacy -O0 -ffunction-sections -fdata-sections -Wall -fstack-usage -MMD -MP -MF"Core/Src/main.d" -MT"Core/Src/main.o" --specs=nano.specs -mfpu=fpv4-sp-d16 -mfloat-abi=hard -mthumb -o "Core/Src/main.o"
arm-none-eabi-g++ -o "ext_exercise24.elf" @"objects.list"   -mcpu=cortex-m4 -T"F:\RTOS\week13\ext_exercise24\STM32F411VETX_FLASH.ld" --specs=nosys.specs -Wl,-Map="ext_exercise24.map" -Wl,--gc-sections -static --specs=nano.specs -mfpu=fpv4-sp-d16 -mfloat-abi=hard -mthumb -Wl,--start-group -lc -lm -lstdc++ -lsupc++ -Wl,--end-group
Finished building target: ext_exercise24.elf
 
arm-none-eabi-objdump -h -S  ext_exercise24.elf  > "ext_exercise24.list"
arm-none-eabi-size   ext_exercise24.elf 
   text	   data	    bss	    dec	    hex	filename
  18852	     24	  17968	  36844	   8fec	ext_exercise24.elf
Finished building: default.size.stdout
 
Finished building: ext_exercise24.list
 
04:33:01 **** Incremental Build of configuration Debug for project ext_exercise24 ****
make -j8 all 
arm-none-eabi-gcc "../Core/Src/main.c" -mcpu=cortex-m4 -std=gnu11 -g3 -DUSE_HAL_DRIVER -DSTM32F411xE -DDEBUG -c -I../Middlewares/Third_Party/FreeRTOS/Source/include -I../Middlewares/Third_Party/FreeRTOS/Source/portable/GCC/ARM_CM4F -I../Drivers/CMSIS/Include -I../Drivers/STM32F4xx_HAL_Driver/Inc -I../Core/Inc -I../Drivers/CMSIS/Device/ST/STM32F4xx/Include -I../Middlewares/Third_Party/FreeRTOS/Source/CMSIS_RTOS -I../Drivers/STM32F4xx_HAL_Driver/Inc/Legacy -O0 -ffunction-sections -fdata-sections -Wall -fstack-usage -MMD -MP -MF"Core/Src/main.d" -MT"Core/Src/main.o" --specs=nano.specs -mfpu=fpv4-sp-d16 -mfloat-abi=hard -mthumb -o "Core/Src/main.o"
arm-none-eabi-g++ -o "ext_exercise24.elf" @"objects.list"   -mcpu=cortex-m4 -T"F:\RTOS\week13\ext_exercise24\STM32F411VETX_FLASH.ld" --specs=nosys.specs -Wl,-Map="ext_exercise24.map" -Wl,--gc-sections -static --specs=nano.specs -mfpu=fpv4-sp-d16 -mfloat-abi=hard -mthumb -Wl,--start-group -lc -lm -lstdc++ -lsupc++ -Wl,--end-group
Finished building target: ext_exercise24.elf
 
arm-none-eabi-objdump -h -S  ext_exercise24.elf  > "ext_exercise24.list"
arm-none-eabi-size   ext_exercise24.elf 
   text	   data	    bss	    dec	    hex	filename
  18852	     24	  17968	  36844	   8fec	ext_exercise24.elf
Finished building: default.size.stdout
 
Finished building: ext_exercise24.list
 
04:33:51 **** Incremental Build of configuration Debug for project ext_exercise24 ****
make -j8 all 
arm-none-eabi-gcc "../Core/Src/main.c" -mcpu=cortex-m4 -std=gnu11 -g3 -DUSE_HAL_DRIVER -DSTM32F411xE -DDEBUG -c -I../Middlewares/Third_Party/FreeRTOS/Source/include -I../Middlewares/Third_Party/FreeRTOS/Source/portable/GCC/ARM_CM4F -I../Drivers/CMSIS/Include -I../Drivers/STM32F4xx_HAL_Driver/Inc -I../Core/Inc -I../Drivers/CMSIS/Device/ST/STM32F4xx/Include -I../Middlewares/Third_Party/FreeRTOS/Source/CMSIS_RTOS -I../Drivers/STM32F4xx_HAL_Driver/Inc/Legacy -O0 -ffunction-sections -fdata-sections -Wall -fstack-usage -MMD -MP -MF"Core/Src/main.d" -MT"Core/Src/main.o" --specs=nano.specs -mfpu=fpv4-sp-d16 -mfloat-abi=hard -mthumb -o "Core/Src/main.o"
arm-none-eabi-g++ -o "ext_exercise24.elf" @"objects.list"   -mcpu=cortex-m4 -T"F:\RTOS\week13\ext_exercise24\STM32F411VETX_FLASH.ld" --specs=nosys.specs -Wl,-Map="ext_exercise24.map" -Wl,--gc-sections -static --specs=nano.specs -mfpu=fpv4-sp-d16 -mfloat-abi=hard -mthumb -Wl,--start-group -lc -lm -lstdc++ -lsupc++ -Wl,--end-group
Finished building target: ext_exercise24.elf
 
arm-none-eabi-objdump -h -S  ext_exercise24.elf  > "ext_exercise24.list"
arm-none-eabi-size   ext_exercise24.elf 
   text	   data	    bss	    dec	    hex	filename
  18852	     24	  17968	  36844	   8fec	ext_exercise24.elf
Finished building: default.size.stdout
 
Finished building: ext_exercise24.list
 
04:39:54 **** Incremental Build of configuration Debug for project ext_exercise24 ****
make -j8 all 
arm-none-eabi-gcc "../Middlewares/Third_Party/FreeRTOS/Source/portable/MemMang/heap_4.c" -mcpu=cortex-m4 -std=gnu11 -g3 -DUSE_HAL_DRIVER -DSTM32F411xE -DDEBUG -c -I../Middlewares/Third_Party/FreeRTOS/Source/include -I../Middlewares/Third_Party/FreeRTOS/Source/portable/GCC/ARM_CM4F -I../Drivers/CMSIS/Include -I../Drivers/STM32F4xx_HAL_Driver/Inc -I../Core/Inc -I../Drivers/CMSIS/Device/ST/STM32F4xx/Include -I../Middlewares/Third_Party/FreeRTOS/Source/CMSIS_RTOS -I../Drivers/STM32F4xx_HAL_Driver/Inc/Legacy -O0 -ffunction-sections -fdata-sections -Wall -fstack-usage -MMD -MP -MF"Middlewares/Third_Party/FreeRTOS/Source/portable/MemMang/heap_4.d" -MT"Middlewares/Third_Party/FreeRTOS/Source/portable/MemMang/heap_4.o" --specs=nano.specs -mfpu=fpv4-sp-d16 -mfloat-abi=hard -mthumb -o "Middlewares/Third_Party/FreeRTOS/Source/portable/MemMang/heap_4.o"
arm-none-eabi-gcc "../Middlewares/Third_Party/FreeRTOS/Source/portable/GCC/ARM_CM4F/port.c" -mcpu=cortex-m4 -std=gnu11 -g3 -DUSE_HAL_DRIVER -DSTM32F411xE -DDEBUG -c -I../Middlewares/Third_Party/FreeRTOS/Source/include -I../Middlewares/Third_Party/FreeRTOS/Source/portable/GCC/ARM_CM4F -I../Drivers/CMSIS/Include -I../Drivers/STM32F4xx_HAL_Driver/Inc -I../Core/Inc -I../Drivers/CMSIS/Device/ST/STM32F4xx/Include -I../Middlewares/Third_Party/FreeRTOS/Source/CMSIS_RTOS -I../Drivers/STM32F4xx_HAL_Driver/Inc/Legacy -O0 -ffunction-sections -fdata-sections -Wall -fstack-usage -MMD -MP -MF"Middlewares/Third_Party/FreeRTOS/Source/portable/GCC/ARM_CM4F/port.d" -MT"Middlewares/Third_Party/FreeRTOS/Source/portable/GCC/ARM_CM4F/port.o" --specs=nano.specs -mfpu=fpv4-sp-d16 -mfloat-abi=hard -mthumb -o "Middlewares/Third_Party/FreeRTOS/Source/portable/GCC/ARM_CM4F/port.o"
arm-none-eabi-gcc "../Middlewares/Third_Party/FreeRTOS/Source/CMSIS_RTOS/cmsis_os.c" -mcpu=cortex-m4 -std=gnu11 -g3 -DUSE_HAL_DRIVER -DSTM32F411xE -DDEBUG -c -I../Middlewares/Third_Party/FreeRTOS/Source/include -I../Middlewares/Third_Party/FreeRTOS/Source/portable/GCC/ARM_CM4F -I../Drivers/CMSIS/Include -I../Drivers/STM32F4xx_HAL_Driver/Inc -I../Core/Inc -I../Drivers/CMSIS/Device/ST/STM32F4xx/Include -I../Middlewares/Third_Party/FreeRTOS/Source/CMSIS_RTOS -I../Drivers/STM32F4xx_HAL_Driver/Inc/Legacy -O0 -ffunction-sections -fdata-sections -Wall -fstack-usage -MMD -MP -MF"Middlewares/Third_Party/FreeRTOS/Source/CMSIS_RTOS/cmsis_os.d" -MT"Middlewares/Third_Party/FreeRTOS/Source/CMSIS_RTOS/cmsis_os.o" --specs=nano.specs -mfpu=fpv4-sp-d16 -mfloat-abi=hard -mthumb -o "Middlewares/Third_Party/FreeRTOS/Source/CMSIS_RTOS/cmsis_os.o"
arm-none-eabi-gcc "../Middlewares/Third_Party/FreeRTOS/Source/croutine.c" -mcpu=cortex-m4 -std=gnu11 -g3 -DUSE_HAL_DRIVER -DSTM32F411xE -DDEBUG -c -I../Middlewares/Third_Party/FreeRTOS/Source/include -I../Middlewares/Third_Party/FreeRTOS/Source/portable/GCC/ARM_CM4F -I../Drivers/CMSIS/Include -I../Drivers/STM32F4xx_HAL_Driver/Inc -I../Core/Inc -I../Drivers/CMSIS/Device/ST/STM32F4xx/Include -I../Middlewares/Third_Party/FreeRTOS/Source/CMSIS_RTOS -I../Drivers/STM32F4xx_HAL_Driver/Inc/Legacy -O0 -ffunction-sections -fdata-sections -Wall -fstack-usage -MMD -MP -MF"Middlewares/Third_Party/FreeRTOS/Source/croutine.d" -MT"Middlewares/Third_Party/FreeRTOS/Source/croutine.o" --specs=nano.specs -mfpu=fpv4-sp-d16 -mfloat-abi=hard -mthumb -o "Middlewares/Third_Party/FreeRTOS/Source/croutine.o"
arm-none-eabi-gcc "../Middlewares/Third_Party/FreeRTOS/Source/event_groups.c" -mcpu=cortex-m4 -std=gnu11 -g3 -DUSE_HAL_DRIVER -DSTM32F411xE -DDEBUG -c -I../Middlewares/Third_Party/FreeRTOS/Source/include -I../Middlewares/Third_Party/FreeRTOS/Source/portable/GCC/ARM_CM4F -I../Drivers/CMSIS/Include -I../Drivers/STM32F4xx_HAL_Driver/Inc -I../Core/Inc -I../Drivers/CMSIS/Device/ST/STM32F4xx/Include -I../Middlewares/Third_Party/FreeRTOS/Source/CMSIS_RTOS -I../Drivers/STM32F4xx_HAL_Driver/Inc/Legacy -O0 -ffunction-sections -fdata-sections -Wall -fstack-usage -MMD -MP -MF"Middlewares/Third_Party/FreeRTOS/Source/event_groups.d" -MT"Middlewares/Third_Party/FreeRTOS/Source/event_groups.o" --specs=nano.specs -mfpu=fpv4-sp-d16 -mfloat-abi=hard -mthumb -o "Middlewares/Third_Party/FreeRTOS/Source/event_groups.o"
arm-none-eabi-gcc "../Middlewares/Third_Party/FreeRTOS/Source/list.c" -mcpu=cortex-m4 -std=gnu11 -g3 -DUSE_HAL_DRIVER -DSTM32F411xE -DDEBUG -c -I../Middlewares/Third_Party/FreeRTOS/Source/include -I../Middlewares/Third_Party/FreeRTOS/Source/portable/GCC/ARM_CM4F -I../Drivers/CMSIS/Include -I../Drivers/STM32F4xx_HAL_Driver/Inc -I../Core/Inc -I../Drivers/CMSIS/Device/ST/STM32F4xx/Include -I../Middlewares/Third_Party/FreeRTOS/Source/CMSIS_RTOS -I../Drivers/STM32F4xx_HAL_Driver/Inc/Legacy -O0 -ffunction-sections -fdata-sections -Wall -fstack-usage -MMD -MP -MF"Middlewares/Third_Party/FreeRTOS/Source/list.d" -MT"Middlewares/Third_Party/FreeRTOS/Source/list.o" --specs=nano.specs -mfpu=fpv4-sp-d16 -mfloat-abi=hard -mthumb -o "Middlewares/Third_Party/FreeRTOS/Source/list.o"
arm-none-eabi-gcc "../Middlewares/Third_Party/FreeRTOS/Source/queue.c" -mcpu=cortex-m4 -std=gnu11 -g3 -DUSE_HAL_DRIVER -DSTM32F411xE -DDEBUG -c -I../Middlewares/Third_Party/FreeRTOS/Source/include -I../Middlewares/Third_Party/FreeRTOS/Source/portable/GCC/ARM_CM4F -I../Drivers/CMSIS/Include -I../Drivers/STM32F4xx_HAL_Driver/Inc -I../Core/Inc -I../Drivers/CMSIS/Device/ST/STM32F4xx/Include -I../Middlewares/Third_Party/FreeRTOS/Source/CMSIS_RTOS -I../Drivers/STM32F4xx_HAL_Driver/Inc/Legacy -O0 -ffunction-sections -fdata-sections -Wall -fstack-usage -MMD -MP -MF"Middlewares/Third_Party/FreeRTOS/Source/queue.d" -MT"Middlewares/Third_Party/FreeRTOS/Source/queue.o" --specs=nano.specs -mfpu=fpv4-sp-d16 -mfloat-abi=hard -mthumb -o "Middlewares/Third_Party/FreeRTOS/Source/queue.o"
arm-none-eabi-gcc "../Middlewares/Third_Party/FreeRTOS/Source/stream_buffer.c" -mcpu=cortex-m4 -std=gnu11 -g3 -DUSE_HAL_DRIVER -DSTM32F411xE -DDEBUG -c -I../Middlewares/Third_Party/FreeRTOS/Source/include -I../Middlewares/Third_Party/FreeRTOS/Source/portable/GCC/ARM_CM4F -I../Drivers/CMSIS/Include -I../Drivers/STM32F4xx_HAL_Driver/Inc -I../Core/Inc -I../Drivers/CMSIS/Device/ST/STM32F4xx/Include -I../Middlewares/Third_Party/FreeRTOS/Source/CMSIS_RTOS -I../Drivers/STM32F4xx_HAL_Driver/Inc/Legacy -O0 -ffunction-sections -fdata-sections -Wall -fstack-usage -MMD -MP -MF"Middlewares/Third_Party/FreeRTOS/Source/stream_buffer.d" -MT"Middlewares/Third_Party/FreeRTOS/Source/stream_buffer.o" --specs=nano.specs -mfpu=fpv4-sp-d16 -mfloat-abi=hard -mthumb -o "Middlewares/Third_Party/FreeRTOS/Source/stream_buffer.o"
arm-none-eabi-gcc "../Middlewares/Third_Party/FreeRTOS/Source/tasks.c" -mcpu=cortex-m4 -std=gnu11 -g3 -DUSE_HAL_DRIVER -DSTM32F411xE -DDEBUG -c -I../Middlewares/Third_Party/FreeRTOS/Source/include -I../Middlewares/Third_Party/FreeRTOS/Source/portable/GCC/ARM_CM4F -I../Drivers/CMSIS/Include -I../Drivers/STM32F4xx_HAL_Driver/Inc -I../Core/Inc -I../Drivers/CMSIS/Device/ST/STM32F4xx/Include -I../Middlewares/Third_Party/FreeRTOS/Source/CMSIS_RTOS -I../Drivers/STM32F4xx_HAL_Driver/Inc/Legacy -O0 -ffunction-sections -fdata-sections -Wall -fstack-usage -MMD -MP -MF"Middlewares/Third_Party/FreeRTOS/Source/tasks.d" -MT"Middlewares/Third_Party/FreeRTOS/Source/tasks.o" --specs=nano.specs -mfpu=fpv4-sp-d16 -mfloat-abi=hard -mthumb -o "Middlewares/Third_Party/FreeRTOS/Source/tasks.o"
arm-none-eabi-gcc "../Middlewares/Third_Party/FreeRTOS/Source/timers.c" -mcpu=cortex-m4 -std=gnu11 -g3 -DUSE_HAL_DRIVER -DSTM32F411xE -DDEBUG -c -I../Middlewares/Third_Party/FreeRTOS/Source/include -I../Middlewares/Third_Party/FreeRTOS/Source/portable/GCC/ARM_CM4F -I../Drivers/CMSIS/Include -I../Drivers/STM32F4xx_HAL_Driver/Inc -I../Core/Inc -I../Drivers/CMSIS/Device/ST/STM32F4xx/Include -I../Middlewares/Third_Party/FreeRTOS/Source/CMSIS_RTOS -I../Drivers/STM32F4xx_HAL_Driver/Inc/Legacy -O0 -ffunction-sections -fdata-sections -Wall -fstack-usage -MMD -MP -MF"Middlewares/Third_Party/FreeRTOS/Source/timers.d" -MT"Middlewares/Third_Party/FreeRTOS/Source/timers.o" --specs=nano.specs -mfpu=fpv4-sp-d16 -mfloat-abi=hard -mthumb -o "Middlewares/Third_Party/FreeRTOS/Source/timers.o"
arm-none-eabi-gcc "../Core/Src/freertos.c" -mcpu=cortex-m4 -std=gnu11 -g3 -DUSE_HAL_DRIVER -DSTM32F411xE -DDEBUG -c -I../Middlewares/Third_Party/FreeRTOS/Source/include -I../Middlewares/Third_Party/FreeRTOS/Source/portable/GCC/ARM_CM4F -I../Drivers/CMSIS/Include -I../Drivers/STM32F4xx_HAL_Driver/Inc -I../Core/Inc -I../Drivers/CMSIS/Device/ST/STM32F4xx/Include -I../Middlewares/Third_Party/FreeRTOS/Source/CMSIS_RTOS -I../Drivers/STM32F4xx_HAL_Driver/Inc/Legacy -O0 -ffunction-sections -fdata-sections -Wall -fstack-usage -MMD -MP -MF"Core/Src/freertos.d" -MT"Core/Src/freertos.o" --specs=nano.specs -mfpu=fpv4-sp-d16 -mfloat-abi=hard -mthumb -o "Core/Src/freertos.o"
arm-none-eabi-gcc "../Core/Src/main.c" -mcpu=cortex-m4 -std=gnu11 -g3 -DUSE_HAL_DRIVER -DSTM32F411xE -DDEBUG -c -I../Middlewares/Third_Party/FreeRTOS/Source/include -I../Middlewares/Third_Party/FreeRTOS/Source/portable/GCC/ARM_CM4F -I../Drivers/CMSIS/Include -I../Drivers/STM32F4xx_HAL_Driver/Inc -I../Core/Inc -I../Drivers/CMSIS/Device/ST/STM32F4xx/Include -I../Middlewares/Third_Party/FreeRTOS/Source/CMSIS_RTOS -I../Drivers/STM32F4xx_HAL_Driver/Inc/Legacy -O0 -ffunction-sections -fdata-sections -Wall -fstack-usage -MMD -MP -MF"Core/Src/main.d" -MT"Core/Src/main.o" --specs=nano.specs -mfpu=fpv4-sp-d16 -mfloat-abi=hard -mthumb -o "Core/Src/main.o"
arm-none-eabi-gcc "../Core/Src/stm32f4xx_it.c" -mcpu=cortex-m4 -std=gnu11 -g3 -DUSE_HAL_DRIVER -DSTM32F411xE -DDEBUG -c -I../Middlewares/Third_Party/FreeRTOS/Source/include -I../Middlewares/Third_Party/FreeRTOS/Source/portable/GCC/ARM_CM4F -I../Drivers/CMSIS/Include -I../Drivers/STM32F4xx_HAL_Driver/Inc -I../Core/Inc -I../Drivers/CMSIS/Device/ST/STM32F4xx/Include -I../Middlewares/Third_Party/FreeRTOS/Source/CMSIS_RTOS -I../Drivers/STM32F4xx_HAL_Driver/Inc/Legacy -O0 -ffunction-sections -fdata-sections -Wall -fstack-usage -MMD -MP -MF"Core/Src/stm32f4xx_it.d" -MT"Core/Src/stm32f4xx_it.o" --specs=nano.specs -mfpu=fpv4-sp-d16 -mfloat-abi=hard -mthumb -o "Core/Src/stm32f4xx_it.o"
arm-none-eabi-g++ -o "ext_exercise24.elf" @"objects.list"   -mcpu=cortex-m4 -T"F:\RTOS\week13\ext_exercise24\STM32F411VETX_FLASH.ld" --specs=nosys.specs -Wl,-Map="ext_exercise24.map" -Wl,--gc-sections -static --specs=nano.specs -mfpu=fpv4-sp-d16 -mfloat-abi=hard -mthumb -Wl,--start-group -lc -lm -lstdc++ -lsupc++ -Wl,--end-group
Finished building target: ext_exercise24.elf
 
arm-none-eabi-objdump -h -S  ext_exercise24.elf  > "ext_exercise24.list"
arm-none-eabi-size   ext_exercise24.elf 
   text	   data	    bss	    dec	    hex	filename
  18900	     24	  17968	  36892	   901c	ext_exercise24.elf
Finished building: default.size.stdout
 
Finished building: ext_exercise24.list
 
04:40:50 **** Incremental Build of configuration Debug for project ext_exercise24 ****
make -j8 all 
arm-none-eabi-size   ext_exercise24.elf 
   text	   data	    bss	    dec	    hex	filename
  18900	     24	  17968	  36892	   901c	ext_exercise24.elf
Finished building: default.size.stdout
 
04:41:23 **** Incremental Build of configuration Debug for project ext_exercise24 ****
make -j8 all 
arm-none-eabi-gcc "../Core/Src/stm32f4xx_it.c" -mcpu=cortex-m4 -std=gnu11 -g3 -DUSE_HAL_DRIVER -DSTM32F411xE -DDEBUG -c -I../Middlewares/Third_Party/FreeRTOS/Source/include -I../Middlewares/Third_Party/FreeRTOS/Source/portable/GCC/ARM_CM4F -I../Drivers/CMSIS/Include -I../Drivers/STM32F4xx_HAL_Driver/Inc -I../Core/Inc -I../Drivers/CMSIS/Device/ST/STM32F4xx/Include -I../Middlewares/Third_Party/FreeRTOS/Source/CMSIS_RTOS -I../Drivers/STM32F4xx_HAL_Driver/Inc/Legacy -O0 -ffunction-sections -fdata-sections -Wall -fstack-usage -MMD -MP -MF"Core/Src/stm32f4xx_it.d" -MT"Core/Src/stm32f4xx_it.o" --specs=nano.specs -mfpu=fpv4-sp-d16 -mfloat-abi=hard -mthumb -o "Core/Src/stm32f4xx_it.o"
arm-none-eabi-g++ -o "ext_exercise24.elf" @"objects.list"   -mcpu=cortex-m4 -T"F:\RTOS\week13\ext_exercise24\STM32F411VETX_FLASH.ld" --specs=nosys.specs -Wl,-Map="ext_exercise24.map" -Wl,--gc-sections -static --specs=nano.specs -mfpu=fpv4-sp-d16 -mfloat-abi=hard -mthumb -Wl,--start-group -lc -lm -lstdc++ -lsupc++ -Wl,--end-group
Finished building target: ext_exercise24.elf
 
arm-none-eabi-objdump -h -S  ext_exercise24.elf  > "ext_exercise24.list"
arm-none-eabi-size   ext_exercise24.elf 
   text	   data	    bss	    dec	    hex	filename
  18900	     24	  17968	  36892	   901c	ext_exercise24.elf
Finished building: default.size.stdout
 
Finished building: ext_exercise24.list
 
04:43:23 **** Incremental Build of configuration Debug for project ext_exercise24 ****
make -j8 all 
arm-none-eabi-gcc "../Core/Src/stm32f4xx_it.c" -mcpu=cortex-m4 -std=gnu11 -g3 -DUSE_HAL_DRIVER -DSTM32F411xE -DDEBUG -c -I../Middlewares/Third_Party/FreeRTOS/Source/include -I../Middlewares/Third_Party/FreeRTOS/Source/portable/GCC/ARM_CM4F -I../Drivers/CMSIS/Include -I../Drivers/STM32F4xx_HAL_Driver/Inc -I../Core/Inc -I../Drivers/CMSIS/Device/ST/STM32F4xx/Include -I../Middlewares/Third_Party/FreeRTOS/Source/CMSIS_RTOS -I../Drivers/STM32F4xx_HAL_Driver/Inc/Legacy -O0 -ffunction-sections -fdata-sections -Wall -fstack-usage -MMD -MP -MF"Core/Src/stm32f4xx_it.d" -MT"Core/Src/stm32f4xx_it.o" --specs=nano.specs -mfpu=fpv4-sp-d16 -mfloat-abi=hard -mthumb -o "Core/Src/stm32f4xx_it.o"
arm-none-eabi-g++ -o "ext_exercise24.elf" @"objects.list"   -mcpu=cortex-m4 -T"F:\RTOS\week13\ext_exercise24\STM32F411VETX_FLASH.ld" --specs=nosys.specs -Wl,-Map="ext_exercise24.map" -Wl,--gc-sections -static --specs=nano.specs -mfpu=fpv4-sp-d16 -mfloat-abi=hard -mthumb -Wl,--start-group -lc -lm -lstdc++ -lsupc++ -Wl,--end-group
Finished building target: ext_exercise24.elf
 
arm-none-eabi-objdump -h -S  ext_exercise24.elf  > "ext_exercise24.list"
arm-none-eabi-size   ext_exercise24.elf 
   text	   data	    bss	    dec	    hex	filename
  18900	     24	  17968	  36892	   901c	ext_exercise24.elf
Finished building: default.size.stdout
 
Finished building: ext_exercise24.list
 
04:43:56 **** Incremental Build of configuration Debug for project ext_exercise24 ****
make -j8 all 
arm-none-eabi-gcc "../Middlewares/Third_Party/FreeRTOS/Source/portable/MemMang/heap_4.c" -mcpu=cortex-m4 -std=gnu11 -g3 -DUSE_HAL_DRIVER -DSTM32F411xE -DDEBUG -c -I../Middlewares/Third_Party/FreeRTOS/Source/include -I../Middlewares/Third_Party/FreeRTOS/Source/portable/GCC/ARM_CM4F -I../Drivers/CMSIS/Include -I../Drivers/STM32F4xx_HAL_Driver/Inc -I../Core/Inc -I../Drivers/CMSIS/Device/ST/STM32F4xx/Include -I../Middlewares/Third_Party/FreeRTOS/Source/CMSIS_RTOS -I../Drivers/STM32F4xx_HAL_Driver/Inc/Legacy -O0 -ffunction-sections -fdata-sections -Wall -fstack-usage -MMD -MP -MF"Middlewares/Third_Party/FreeRTOS/Source/portable/MemMang/heap_4.d" -MT"Middlewares/Third_Party/FreeRTOS/Source/portable/MemMang/heap_4.o" --specs=nano.specs -mfpu=fpv4-sp-d16 -mfloat-abi=hard -mthumb -o "Middlewares/Third_Party/FreeRTOS/Source/portable/MemMang/heap_4.o"
arm-none-eabi-gcc "../Middlewares/Third_Party/FreeRTOS/Source/portable/GCC/ARM_CM4F/port.c" -mcpu=cortex-m4 -std=gnu11 -g3 -DUSE_HAL_DRIVER -DSTM32F411xE -DDEBUG -c -I../Middlewares/Third_Party/FreeRTOS/Source/include -I../Middlewares/Third_Party/FreeRTOS/Source/portable/GCC/ARM_CM4F -I../Drivers/CMSIS/Include -I../Drivers/STM32F4xx_HAL_Driver/Inc -I../Core/Inc -I../Drivers/CMSIS/Device/ST/STM32F4xx/Include -I../Middlewares/Third_Party/FreeRTOS/Source/CMSIS_RTOS -I../Drivers/STM32F4xx_HAL_Driver/Inc/Legacy -O0 -ffunction-sections -fdata-sections -Wall -fstack-usage -MMD -MP -MF"Middlewares/Third_Party/FreeRTOS/Source/portable/GCC/ARM_CM4F/port.d" -MT"Middlewares/Third_Party/FreeRTOS/Source/portable/GCC/ARM_CM4F/port.o" --specs=nano.specs -mfpu=fpv4-sp-d16 -mfloat-abi=hard -mthumb -o "Middlewares/Third_Party/FreeRTOS/Source/portable/GCC/ARM_CM4F/port.o"
arm-none-eabi-gcc "../Middlewares/Third_Party/FreeRTOS/Source/CMSIS_RTOS/cmsis_os.c" -mcpu=cortex-m4 -std=gnu11 -g3 -DUSE_HAL_DRIVER -DSTM32F411xE -DDEBUG -c -I../Middlewares/Third_Party/FreeRTOS/Source/include -I../Middlewares/Third_Party/FreeRTOS/Source/portable/GCC/ARM_CM4F -I../Drivers/CMSIS/Include -I../Drivers/STM32F4xx_HAL_Driver/Inc -I../Core/Inc -I../Drivers/CMSIS/Device/ST/STM32F4xx/Include -I../Middlewares/Third_Party/FreeRTOS/Source/CMSIS_RTOS -I../Drivers/STM32F4xx_HAL_Driver/Inc/Legacy -O0 -ffunction-sections -fdata-sections -Wall -fstack-usage -MMD -MP -MF"Middlewares/Third_Party/FreeRTOS/Source/CMSIS_RTOS/cmsis_os.d" -MT"Middlewares/Third_Party/FreeRTOS/Source/CMSIS_RTOS/cmsis_os.o" --specs=nano.specs -mfpu=fpv4-sp-d16 -mfloat-abi=hard -mthumb -o "Middlewares/Third_Party/FreeRTOS/Source/CMSIS_RTOS/cmsis_os.o"
arm-none-eabi-gcc "../Middlewares/Third_Party/FreeRTOS/Source/croutine.c" -mcpu=cortex-m4 -std=gnu11 -g3 -DUSE_HAL_DRIVER -DSTM32F411xE -DDEBUG -c -I../Middlewares/Third_Party/FreeRTOS/Source/include -I../Middlewares/Third_Party/FreeRTOS/Source/portable/GCC/ARM_CM4F -I../Drivers/CMSIS/Include -I../Drivers/STM32F4xx_HAL_Driver/Inc -I../Core/Inc -I../Drivers/CMSIS/Device/ST/STM32F4xx/Include -I../Middlewares/Third_Party/FreeRTOS/Source/CMSIS_RTOS -I../Drivers/STM32F4xx_HAL_Driver/Inc/Legacy -O0 -ffunction-sections -fdata-sections -Wall -fstack-usage -MMD -MP -MF"Middlewares/Third_Party/FreeRTOS/Source/croutine.d" -MT"Middlewares/Third_Party/FreeRTOS/Source/croutine.o" --specs=nano.specs -mfpu=fpv4-sp-d16 -mfloat-abi=hard -mthumb -o "Middlewares/Third_Party/FreeRTOS/Source/croutine.o"
arm-none-eabi-gcc "../Middlewares/Third_Party/FreeRTOS/Source/event_groups.c" -mcpu=cortex-m4 -std=gnu11 -g3 -DUSE_HAL_DRIVER -DSTM32F411xE -DDEBUG -c -I../Middlewares/Third_Party/FreeRTOS/Source/include -I../Middlewares/Third_Party/FreeRTOS/Source/portable/GCC/ARM_CM4F -I../Drivers/CMSIS/Include -I../Drivers/STM32F4xx_HAL_Driver/Inc -I../Core/Inc -I../Drivers/CMSIS/Device/ST/STM32F4xx/Include -I../Middlewares/Third_Party/FreeRTOS/Source/CMSIS_RTOS -I../Drivers/STM32F4xx_HAL_Driver/Inc/Legacy -O0 -ffunction-sections -fdata-sections -Wall -fstack-usage -MMD -MP -MF"Middlewares/Third_Party/FreeRTOS/Source/event_groups.d" -MT"Middlewares/Third_Party/FreeRTOS/Source/event_groups.o" --specs=nano.specs -mfpu=fpv4-sp-d16 -mfloat-abi=hard -mthumb -o "Middlewares/Third_Party/FreeRTOS/Source/event_groups.o"
arm-none-eabi-gcc "../Middlewares/Third_Party/FreeRTOS/Source/list.c" -mcpu=cortex-m4 -std=gnu11 -g3 -DUSE_HAL_DRIVER -DSTM32F411xE -DDEBUG -c -I../Middlewares/Third_Party/FreeRTOS/Source/include -I../Middlewares/Third_Party/FreeRTOS/Source/portable/GCC/ARM_CM4F -I../Drivers/CMSIS/Include -I../Drivers/STM32F4xx_HAL_Driver/Inc -I../Core/Inc -I../Drivers/CMSIS/Device/ST/STM32F4xx/Include -I../Middlewares/Third_Party/FreeRTOS/Source/CMSIS_RTOS -I../Drivers/STM32F4xx_HAL_Driver/Inc/Legacy -O0 -ffunction-sections -fdata-sections -Wall -fstack-usage -MMD -MP -MF"Middlewares/Third_Party/FreeRTOS/Source/list.d" -MT"Middlewares/Third_Party/FreeRTOS/Source/list.o" --specs=nano.specs -mfpu=fpv4-sp-d16 -mfloat-abi=hard -mthumb -o "Middlewares/Third_Party/FreeRTOS/Source/list.o"
arm-none-eabi-gcc "../Middlewares/Third_Party/FreeRTOS/Source/queue.c" -mcpu=cortex-m4 -std=gnu11 -g3 -DUSE_HAL_DRIVER -DSTM32F411xE -DDEBUG -c -I../Middlewares/Third_Party/FreeRTOS/Source/include -I../Middlewares/Third_Party/FreeRTOS/Source/portable/GCC/ARM_CM4F -I../Drivers/CMSIS/Include -I../Drivers/STM32F4xx_HAL_Driver/Inc -I../Core/Inc -I../Drivers/CMSIS/Device/ST/STM32F4xx/Include -I../Middlewares/Third_Party/FreeRTOS/Source/CMSIS_RTOS -I../Drivers/STM32F4xx_HAL_Driver/Inc/Legacy -O0 -ffunction-sections -fdata-sections -Wall -fstack-usage -MMD -MP -MF"Middlewares/Third_Party/FreeRTOS/Source/queue.d" -MT"Middlewares/Third_Party/FreeRTOS/Source/queue.o" --specs=nano.specs -mfpu=fpv4-sp-d16 -mfloat-abi=hard -mthumb -o "Middlewares/Third_Party/FreeRTOS/Source/queue.o"
arm-none-eabi-gcc "../Middlewares/Third_Party/FreeRTOS/Source/stream_buffer.c" -mcpu=cortex-m4 -std=gnu11 -g3 -DUSE_HAL_DRIVER -DSTM32F411xE -DDEBUG -c -I../Middlewares/Third_Party/FreeRTOS/Source/include -I../Middlewares/Third_Party/FreeRTOS/Source/portable/GCC/ARM_CM4F -I../Drivers/CMSIS/Include -I../Drivers/STM32F4xx_HAL_Driver/Inc -I../Core/Inc -I../Drivers/CMSIS/Device/ST/STM32F4xx/Include -I../Middlewares/Third_Party/FreeRTOS/Source/CMSIS_RTOS -I../Drivers/STM32F4xx_HAL_Driver/Inc/Legacy -O0 -ffunction-sections -fdata-sections -Wall -fstack-usage -MMD -MP -MF"Middlewares/Third_Party/FreeRTOS/Source/stream_buffer.d" -MT"Middlewares/Third_Party/FreeRTOS/Source/stream_buffer.o" --specs=nano.specs -mfpu=fpv4-sp-d16 -mfloat-abi=hard -mthumb -o "Middlewares/Third_Party/FreeRTOS/Source/stream_buffer.o"
arm-none-eabi-gcc "../Middlewares/Third_Party/FreeRTOS/Source/tasks.c" -mcpu=cortex-m4 -std=gnu11 -g3 -DUSE_HAL_DRIVER -DSTM32F411xE -DDEBUG -c -I../Middlewares/Third_Party/FreeRTOS/Source/include -I../Middlewares/Third_Party/FreeRTOS/Source/portable/GCC/ARM_CM4F -I../Drivers/CMSIS/Include -I../Drivers/STM32F4xx_HAL_Driver/Inc -I../Core/Inc -I../Drivers/CMSIS/Device/ST/STM32F4xx/Include -I../Middlewares/Third_Party/FreeRTOS/Source/CMSIS_RTOS -I../Drivers/STM32F4xx_HAL_Driver/Inc/Legacy -O0 -ffunction-sections -fdata-sections -Wall -fstack-usage -MMD -MP -MF"Middlewares/Third_Party/FreeRTOS/Source/tasks.d" -MT"Middlewares/Third_Party/FreeRTOS/Source/tasks.o" --specs=nano.specs -mfpu=fpv4-sp-d16 -mfloat-abi=hard -mthumb -o "Middlewares/Third_Party/FreeRTOS/Source/tasks.o"
arm-none-eabi-gcc "../Middlewares/Third_Party/FreeRTOS/Source/timers.c" -mcpu=cortex-m4 -std=gnu11 -g3 -DUSE_HAL_DRIVER -DSTM32F411xE -DDEBUG -c -I../Middlewares/Third_Party/FreeRTOS/Source/include -I../Middlewares/Third_Party/FreeRTOS/Source/portable/GCC/ARM_CM4F -I../Drivers/CMSIS/Include -I../Drivers/STM32F4xx_HAL_Driver/Inc -I../Core/Inc -I../Drivers/CMSIS/Device/ST/STM32F4xx/Include -I../Middlewares/Third_Party/FreeRTOS/Source/CMSIS_RTOS -I../Drivers/STM32F4xx_HAL_Driver/Inc/Legacy -O0 -ffunction-sections -fdata-sections -Wall -fstack-usage -MMD -MP -MF"Middlewares/Third_Party/FreeRTOS/Source/timers.d" -MT"Middlewares/Third_Party/FreeRTOS/Source/timers.o" --specs=nano.specs -mfpu=fpv4-sp-d16 -mfloat-abi=hard -mthumb -o "Middlewares/Third_Party/FreeRTOS/Source/timers.o"
arm-none-eabi-gcc "../Core/Src/freertos.c" -mcpu=cortex-m4 -std=gnu11 -g3 -DUSE_HAL_DRIVER -DSTM32F411xE -DDEBUG -c -I../Middlewares/Third_Party/FreeRTOS/Source/include -I../Middlewares/Third_Party/FreeRTOS/Source/portable/GCC/ARM_CM4F -I../Drivers/CMSIS/Include -I../Drivers/STM32F4xx_HAL_Driver/Inc -I../Core/Inc -I../Drivers/CMSIS/Device/ST/STM32F4xx/Include -I../Middlewares/Third_Party/FreeRTOS/Source/CMSIS_RTOS -I../Drivers/STM32F4xx_HAL_Driver/Inc/Legacy -O0 -ffunction-sections -fdata-sections -Wall -fstack-usage -MMD -MP -MF"Core/Src/freertos.d" -MT"Core/Src/freertos.o" --specs=nano.specs -mfpu=fpv4-sp-d16 -mfloat-abi=hard -mthumb -o "Core/Src/freertos.o"
arm-none-eabi-gcc "../Core/Src/main.c" -mcpu=cortex-m4 -std=gnu11 -g3 -DUSE_HAL_DRIVER -DSTM32F411xE -DDEBUG -c -I../Middlewares/Third_Party/FreeRTOS/Source/include -I../Middlewares/Third_Party/FreeRTOS/Source/portable/GCC/ARM_CM4F -I../Drivers/CMSIS/Include -I../Drivers/STM32F4xx_HAL_Driver/Inc -I../Core/Inc -I../Drivers/CMSIS/Device/ST/STM32F4xx/Include -I../Middlewares/Third_Party/FreeRTOS/Source/CMSIS_RTOS -I../Drivers/STM32F4xx_HAL_Driver/Inc/Legacy -O0 -ffunction-sections -fdata-sections -Wall -fstack-usage -MMD -MP -MF"Core/Src/main.d" -MT"Core/Src/main.o" --specs=nano.specs -mfpu=fpv4-sp-d16 -mfloat-abi=hard -mthumb -o "Core/Src/main.o"
arm-none-eabi-gcc "../Core/Src/stm32f4xx_it.c" -mcpu=cortex-m4 -std=gnu11 -g3 -DUSE_HAL_DRIVER -DSTM32F411xE -DDEBUG -c -I../Middlewares/Third_Party/FreeRTOS/Source/include -I../Middlewares/Third_Party/FreeRTOS/Source/portable/GCC/ARM_CM4F -I../Drivers/CMSIS/Include -I../Drivers/STM32F4xx_HAL_Driver/Inc -I../Core/Inc -I../Drivers/CMSIS/Device/ST/STM32F4xx/Include -I../Middlewares/Third_Party/FreeRTOS/Source/CMSIS_RTOS -I../Drivers/STM32F4xx_HAL_Driver/Inc/Legacy -O0 -ffunction-sections -fdata-sections -Wall -fstack-usage -MMD -MP -MF"Core/Src/stm32f4xx_it.d" -MT"Core/Src/stm32f4xx_it.o" --specs=nano.specs -mfpu=fpv4-sp-d16 -mfloat-abi=hard -mthumb -o "Core/Src/stm32f4xx_it.o"
arm-none-eabi-g++ -o "ext_exercise24.elf" @"objects.list"   -mcpu=cortex-m4 -T"F:\RTOS\week13\ext_exercise24\STM32F411VETX_FLASH.ld" --specs=nosys.specs -Wl,-Map="ext_exercise24.map" -Wl,--gc-sections -static --specs=nano.specs -mfpu=fpv4-sp-d16 -mfloat-abi=hard -mthumb -Wl,--start-group -lc -lm -lstdc++ -lsupc++ -Wl,--end-group
Finished building target: ext_exercise24.elf
 
arm-none-eabi-objdump -h -S  ext_exercise24.elf  > "ext_exercise24.list"
arm-none-eabi-size   ext_exercise24.elf 
   text	   data	    bss	    dec	    hex	filename
  18852	     24	  17968	  36844	   8fec	ext_exercise24.elf
Finished building: default.size.stdout
 
Finished building: ext_exercise24.list
 
04:44:31 **** Incremental Build of configuration Debug for project ext_exercise24 ****
make -j8 all 
arm-none-eabi-gcc "../Core/Src/main.c" -mcpu=cortex-m4 -std=gnu11 -g3 -DUSE_HAL_DRIVER -DSTM32F411xE -DDEBUG -c -I../Middlewares/Third_Party/FreeRTOS/Source/include -I../Middlewares/Third_Party/FreeRTOS/Source/portable/GCC/ARM_CM4F -I../Drivers/CMSIS/Include -I../Drivers/STM32F4xx_HAL_Driver/Inc -I../Core/Inc -I../Drivers/CMSIS/Device/ST/STM32F4xx/Include -I../Middlewares/Third_Party/FreeRTOS/Source/CMSIS_RTOS -I../Drivers/STM32F4xx_HAL_Driver/Inc/Legacy -O0 -ffunction-sections -fdata-sections -Wall -fstack-usage -MMD -MP -MF"Core/Src/main.d" -MT"Core/Src/main.o" --specs=nano.specs -mfpu=fpv4-sp-d16 -mfloat-abi=hard -mthumb -o "Core/Src/main.o"
arm-none-eabi-g++ -o "ext_exercise24.elf" @"objects.list"   -mcpu=cortex-m4 -T"F:\RTOS\week13\ext_exercise24\STM32F411VETX_FLASH.ld" --specs=nosys.specs -Wl,-Map="ext_exercise24.map" -Wl,--gc-sections -static --specs=nano.specs -mfpu=fpv4-sp-d16 -mfloat-abi=hard -mthumb -Wl,--start-group -lc -lm -lstdc++ -lsupc++ -Wl,--end-group
Finished building target: ext_exercise24.elf
 
arm-none-eabi-objdump -h -S  ext_exercise24.elf  > "ext_exercise24.list"
arm-none-eabi-size   ext_exercise24.elf 
   text	   data	    bss	    dec	    hex	filename
  18852	     24	  17968	  36844	   8fec	ext_exercise24.elf
Finished building: default.size.stdout
 
Finished building: ext_exercise24.list
 
04:45:22 **** Incremental Build of configuration Debug for project ext_exercise24 ****
make -j8 all 
arm-none-eabi-gcc "../Core/Src/main.c" -mcpu=cortex-m4 -std=gnu11 -g3 -DUSE_HAL_DRIVER -DSTM32F411xE -DDEBUG -c -I../Middlewares/Third_Party/FreeRTOS/Source/include -I../Middlewares/Third_Party/FreeRTOS/Source/portable/GCC/ARM_CM4F -I../Drivers/CMSIS/Include -I../Drivers/STM32F4xx_HAL_Driver/Inc -I../Core/Inc -I../Drivers/CMSIS/Device/ST/STM32F4xx/Include -I../Middlewares/Third_Party/FreeRTOS/Source/CMSIS_RTOS -I../Drivers/STM32F4xx_HAL_Driver/Inc/Legacy -O0 -ffunction-sections -fdata-sections -Wall -fstack-usage -MMD -MP -MF"Core/Src/main.d" -MT"Core/Src/main.o" --specs=nano.specs -mfpu=fpv4-sp-d16 -mfloat-abi=hard -mthumb -o "Core/Src/main.o"
arm-none-eabi-g++ -o "ext_exercise24.elf" @"objects.list"   -mcpu=cortex-m4 -T"F:\RTOS\week13\ext_exercise24\STM32F411VETX_FLASH.ld" --specs=nosys.specs -Wl,-Map="ext_exercise24.map" -Wl,--gc-sections -static --specs=nano.specs -mfpu=fpv4-sp-d16 -mfloat-abi=hard -mthumb -Wl,--start-group -lc -lm -lstdc++ -lsupc++ -Wl,--end-group
Finished building target: ext_exercise24.elf
 
arm-none-eabi-objdump -h -S  ext_exercise24.elf  > "ext_exercise24.list"
arm-none-eabi-size   ext_exercise24.elf 
   text	   data	    bss	    dec	    hex	filename
  18852	     24	  17968	  36844	   8fec	ext_exercise24.elf
Finished building: default.size.stdout
 
Finished building: ext_exercise24.list
 
04:46:14 **** Incremental Build of configuration Debug for project ext_exercise24 ****
make -j8 all 
arm-none-eabi-gcc "../Core/Src/main.c" -mcpu=cortex-m4 -std=gnu11 -g3 -DUSE_HAL_DRIVER -DSTM32F411xE -DDEBUG -c -I../Middlewares/Third_Party/FreeRTOS/Source/include -I../Middlewares/Third_Party/FreeRTOS/Source/portable/GCC/ARM_CM4F -I../Drivers/CMSIS/Include -I../Drivers/STM32F4xx_HAL_Driver/Inc -I../Core/Inc -I../Drivers/CMSIS/Device/ST/STM32F4xx/Include -I../Middlewares/Third_Party/FreeRTOS/Source/CMSIS_RTOS -I../Drivers/STM32F4xx_HAL_Driver/Inc/Legacy -O0 -ffunction-sections -fdata-sections -Wall -fstack-usage -MMD -MP -MF"Core/Src/main.d" -MT"Core/Src/main.o" --specs=nano.specs -mfpu=fpv4-sp-d16 -mfloat-abi=hard -mthumb -o "Core/Src/main.o"
arm-none-eabi-g++ -o "ext_exercise24.elf" @"objects.list"   -mcpu=cortex-m4 -T"F:\RTOS\week13\ext_exercise24\STM32F411VETX_FLASH.ld" --specs=nosys.specs -Wl,-Map="ext_exercise24.map" -Wl,--gc-sections -static --specs=nano.specs -mfpu=fpv4-sp-d16 -mfloat-abi=hard -mthumb -Wl,--start-group -lc -lm -lstdc++ -lsupc++ -Wl,--end-group
Finished building target: ext_exercise24.elf
 
arm-none-eabi-objdump -h -S  ext_exercise24.elf  > "ext_exercise24.list"
arm-none-eabi-size   ext_exercise24.elf 
   text	   data	    bss	    dec	    hex	filename
  18852	     24	  17968	  36844	   8fec	ext_exercise24.elf
Finished building: default.size.stdout
 
Finished building: ext_exercise24.list
 
04:46:55 **** Incremental Build of configuration Debug for project ext_exercise24 ****
make -j8 all 
arm-none-eabi-gcc "../Core/Src/main.c" -mcpu=cortex-m4 -std=gnu11 -g3 -DUSE_HAL_DRIVER -DSTM32F411xE -DDEBUG -c -I../Middlewares/Third_Party/FreeRTOS/Source/include -I../Middlewares/Third_Party/FreeRTOS/Source/portable/GCC/ARM_CM4F -I../Drivers/CMSIS/Include -I../Drivers/STM32F4xx_HAL_Driver/Inc -I../Core/Inc -I../Drivers/CMSIS/Device/ST/STM32F4xx/Include -I../Middlewares/Third_Party/FreeRTOS/Source/CMSIS_RTOS -I../Drivers/STM32F4xx_HAL_Driver/Inc/Legacy -O0 -ffunction-sections -fdata-sections -Wall -fstack-usage -MMD -MP -MF"Core/Src/main.d" -MT"Core/Src/main.o" --specs=nano.specs -mfpu=fpv4-sp-d16 -mfloat-abi=hard -mthumb -o "Core/Src/main.o"
arm-none-eabi-g++ -o "ext_exercise24.elf" @"objects.list"   -mcpu=cortex-m4 -T"F:\RTOS\week13\ext_exercise24\STM32F411VETX_FLASH.ld" --specs=nosys.specs -Wl,-Map="ext_exercise24.map" -Wl,--gc-sections -static --specs=nano.specs -mfpu=fpv4-sp-d16 -mfloat-abi=hard -mthumb -Wl,--start-group -lc -lm -lstdc++ -lsupc++ -Wl,--end-group
Finished building target: ext_exercise24.elf
 
arm-none-eabi-objdump -h -S  ext_exercise24.elf  > "ext_exercise24.list"
arm-none-eabi-size   ext_exercise24.elf 
   text	   data	    bss	    dec	    hex	filename
  18852	     24	  17968	  36844	   8fec	ext_exercise24.elf
Finished building: default.size.stdout
 
Finished building: ext_exercise24.list
 
